---
source: tests/snapshot_tests.rs
expression: results
---
{
  "path": "severity.py",
  "findings": [
    {
      "file": "severity.py",
      "line": 4,
      "column": 7,
      "severity": "high",
      "category": "placeholder",
      "message": "Placeholder: HACK marker",
      "match_text": "HACK:",
      "pattern_regex": "(?i)\\bHACK\\s*:"
    },
    {
      "file": "severity.py",
      "line": 5,
      "column": 7,
      "severity": "medium",
      "category": "placeholder",
      "message": "Placeholder: FIXME marker",
      "match_text": "FIXME:",
      "pattern_regex": "(?i)\\bFIXME\\s*:"
    },
    {
      "file": "severity.py",
      "line": 5,
      "column": 7,
      "severity": "medium",
      "category": "placeholder",
      "message": "Placeholder: FIX ME marker",
      "match_text": "FIXME:",
      "pattern_regex": "(?i)\\bFIX\\s*ME\\s*:"
    },
    {
      "file": "severity.py",
      "line": 6,
      "column": 7,
      "severity": "medium",
      "category": "placeholder",
      "message": "Placeholder: TODO marker",
      "match_text": "TODO:",
      "pattern_regex": "(?i)\\bTODO\\s*:"
    },
    {
      "file": "severity.py",
      "line": 6,
      "column": 7,
      "severity": "medium",
      "category": "placeholder",
      "message": "Placeholder: TO DO marker",
      "match_text": "TODO:",
      "pattern_regex": "(?i)\\bTO\\s*DO\\s*:"
    },
    {
      "file": "severity.py",
      "line": 6,
      "column": 7,
      "severity": "high",
      "category": "stub",
      "message": "Stub: TODO with implementation note",
      "match_text": "TODO: implement",
      "pattern_regex": "(?i)TODO\\s*:?\\s*implement"
    },
    {
      "file": "severity.py",
      "line": 7,
      "column": 5,
      "severity": "medium",
      "category": "stub",
      "message": "Function body contains only 'pass' statement",
      "match_text": "pass",
      "pattern_regex": "pass$"
    }
  ],
  "score": 55
}
