---
source: tests/snapshot_tests.rs
expression: results
---
{
  "path": "hedging.py",
  "findings": [
    {
      "file": "hedging.py",
      "line": 2,
      "column": 6,
      "severity": "medium",
      "category": "hedging",
      "message": "Hedging: admits something can't be done easily - suggests incomplete implementation",
      "match_text": "can't easily inject",
      "pattern_regex": "(?i)(can'?t|cannot) (easily|readily|simply|quickly) (inject|parse|extract|detect|implement|handle|access|modify|validate)"
    },
    {
      "file": "hedging.py",
      "line": 3,
      "column": 29,
      "severity": "low",
      "category": "hedging",
      "message": "Hedging: 'but let's' indicates compromise or deferral in implementation",
      "match_text": "but let's log",
      "pattern_regex": "(?i)but let'?s (log|keep|use|try|ignore|skip|handle|assume)"
    },
    {
      "file": "hedging.py",
      "line": 6,
      "column": 8,
      "severity": "low",
      "category": "hedging",
      "message": "Hedging: unsure if code actually works",
      "match_text": "should work",
      "pattern_regex": "(?i)should work"
    },
    {
      "file": "hedging.py",
      "line": 8,
      "column": 7,
      "severity": "low",
      "category": "hedging",
      "message": "Hedging: code should be precise, not approximate",
      "match_text": "approximately",
      "pattern_regex": "(?i)approximately"
    },
    {
      "file": "hedging.py",
      "line": 11,
      "column": 33,
      "severity": "low",
      "category": "deferral",
      "message": "Deferral: speculative code comment",
      "match_text": "this would be ",
      "pattern_regex": "(?i)this (would|should) (be |get |have )"
    },
    {
      "file": "hedging.py",
      "line": 11,
      "column": 7,
      "severity": "medium",
      "category": "hedging",
      "message": "Hedging: code that 'would' be different in production",
      "match_text": "In a real world",
      "pattern_regex": "(?i)in a real (world|production|app)"
    },
    {
      "file": "hedging.py",
      "line": 12,
      "column": 17,
      "severity": "medium",
      "category": "hedging",
      "message": "Hedging: overconfident comment - verify claim before shipping",
      "match_text": "just",
      "pattern_regex": "(?i)\\b(obviously|clearly|simply|just|easy|trivial|basically|of course|naturally)\\b"
    },
    {
      "file": "hedging.py",
      "line": 12,
      "column": 22,
      "severity": "low",
      "category": "hedging",
      "message": "Hedging: uncertain language suggests incomplete verification",
      "match_text": "try this",
      "pattern_regex": "(?i)\\b(probably|might work|try this|i think|seems to|appears to)\\b"
    },
    {
      "file": "hedging.py",
      "line": 12,
      "column": 22,
      "severity": "low",
      "category": "hedging",
      "message": "Hedging: experimental approach in production code",
      "match_text": "try this",
      "pattern_regex": "(?i)try.*this"
    },
    {
      "file": "hedging.py",
      "line": 12,
      "column": 11,
      "severity": "low",
      "category": "hedging",
      "message": "Hedging: 'let's' in comments suggests provisional or temporary code",
      "match_text": "let's just",
      "pattern_regex": "(?i)let'?s (just|for now|quickly|temporarily|keep|use|try|assume)"
    },
    {
      "file": "hedging.py",
      "line": 13,
      "column": 31,
      "severity": "low",
      "category": "deferral",
      "message": "Deferral: temporary solution with no plan to revisit",
      "match_text": "for now",
      "pattern_regex": "(?i)for now"
    },
    {
      "file": "hedging.py",
      "line": 13,
      "column": 13,
      "severity": "low",
      "category": "hedging",
      "message": "Hedging: code makes assumptions",
      "match_text": "assum",
      "pattern_regex": "(?i)assum"
    },
    {
      "file": "hedging.py",
      "line": 13,
      "column": 7,
      "severity": "low",
      "category": "hedging",
      "message": "Hedging: 'let's' in comments suggests provisional or temporary code",
      "match_text": "let's assume",
      "pattern_regex": "(?i)let'?s (just|for now|quickly|temporarily|keep|use|try|assume)"
    },
    {
      "file": "hedging.py",
      "line": 13,
      "column": 5,
      "severity": "low",
      "category": "hedging",
      "message": "Hedging: 'let's' comment often indicates exploratory or incomplete code",
      "match_text": "# let's ",
      "pattern_regex": "(?i)# let'?s "
    },
    {
      "file": "hedging.py",
      "line": 16,
      "column": 3,
      "severity": "low",
      "category": "hedging",
      "message": "Hedging: uncertainty in code comments",
      "match_text": "hopefully",
      "pattern_regex": "(?i)hopefully"
    },
    {
      "file": "hedging.py",
      "line": 17,
      "column": 3,
      "severity": "low",
      "category": "hedging",
      "message": "Hedging: uncertain language suggests incomplete verification",
      "match_text": "seems to",
      "pattern_regex": "(?i)\\b(probably|might work|try this|i think|seems to|appears to)\\b"
    },
    {
      "file": "hedging.py",
      "line": 17,
      "column": 3,
      "severity": "medium",
      "category": "hedging",
      "message": "Hedging: 'seems to work' instead of verified working",
      "match_text": "seems to work",
      "pattern_regex": "(?i)seems.*work"
    },
    {
      "file": "hedging.py",
      "line": 19,
      "column": 7,
      "severity": "low",
      "category": "hedging",
      "message": "Hedging: uncertain about behavior",
      "match_text": "might cause",
      "pattern_regex": "(?i)might.*cause"
    },
    {
      "file": "hedging.py",
      "line": 19,
      "column": 30,
      "severity": "low",
      "category": "hedging",
      "message": "Hedging: uncertain language suggests incomplete verification",
      "match_text": "probably",
      "pattern_regex": "(?i)\\b(probably|might work|try this|i think|seems to|appears to)\\b"
    },
    {
      "file": "hedging.py",
      "line": 20,
      "column": 7,
      "severity": "low",
      "category": "hedging",
      "message": "Hedging: guessing instead of knowing",
      "match_text": "guess",
      "pattern_regex": "(?i)guess"
    },
    {
      "file": "hedging.py",
      "line": 21,
      "column": 5,
      "severity": "medium",
      "category": "stub",
      "message": "Function body contains only 'pass' statement",
      "match_text": "pass",
      "pattern_regex": "pass$"
    }
  ],
  "score": 41
}
