---
source: tests/snapshot_tests.rs
expression: results
---
{
  "path": "deferral.py",
  "findings": [
    {
      "file": "deferral.py",
      "line": 14,
      "column": 3,
      "severity": "medium",
      "category": "deferral",
      "message": "Deferral: production code promised later",
      "match_text": "In production this would",
      "pattern_regex": "(?i)in production.*(would|should|will|need to)"
    },
    {
      "file": "deferral.py",
      "line": 23,
      "column": 5,
      "severity": "medium",
      "category": "stub",
      "message": "Function body contains only 'pass' statement",
      "match_text": "pass",
      "pattern_regex": "pass$"
    }
  ],
  "score": 10
}
